a
abbreviate
abbreviated
abbreviates
abbreviating
abbreviation
abbreviations
abilities
ability
able
aboard
about
above
abrupt
abruptly
absence
absences
absent
absolute
absolutely
absorb
absorbed
absorbing
absorbs
absorption
abstract
abstracting
abstracts
abundance
abundant
abundantly
academic
academics
academies
academy
accept
acceptance
accepted
accepting
accepts
access
accessed
accesses
accessible
accessing
accommodate
accommodated
accommodates
accommodating
accommodation
accommodations
accompanies
accompany
accompanying
accomplish
accomplished
accomplishes
accomplishing
accord
accordance
accordances
accorded
according
accords
account
accounted
accounting
accounts
accumulate
accumulated
accumulation
accumulations
accumulative
accuracies
accuracy
accurate
accurately
accustomed
acetate
acetates
acetic
acetone
achieve
achieved
achievement
achievements
achieves
achieving
acid
acidic
acidification
acidifications
acidified
acidity
acids
acknowledge
acknowledged
acknowledgement
acknowledgements
acknowledges
acquire
acquired
acquires
acre
acres
acrolein
across
act
acted
acting
actinometer
actinometers
actinometric
action
actions
activate
activated
activates
activating
activation
activations
active
actively
activities
activity
acts
actual
actuality
actually
adapt
adaptation
adaptations
adapted
adapting
adaptive
adapts
add
added
adding
addition
additional
additionally
additions
address
addresses
addressing
adds
adequate
adiabatic
adjoint
adjust
adjusted
adjusting
adjustment
adjustments
adjusts
administer
administered
administering
administers
administration
administrations
adopt
adopted
adopting
adoption
adoptions
adopts
advance
advanced
advancement
advancements
advances
advancing
advantage
advantageous
advantages
advect
advected
advecting
advection
advective
advects
advise
advised
advising
advisor
advisors
advisory
aerial
aerially
aerodynamic
aerodynamical
aerodynamics
aeronautic
aeronautical
aeronautics
aeronomy
aerosol
aerosolization
aerosolizations
aerosolize
aerosolized
aerosols
affect
affected
affecting
affection
affections
affects
affiliated
affiliation
affiliations
aforementioned
africa
african
after
afternoon
afternoons
afterwards
again
against
age
aged
agencies
agency
ages
aging
ago
agree
agreed
agreeing
agreement
agreements
agrees
agricultural
agriculture
agricultures
aid
aided
aiding
aids
aim
aimed
aiming
aims
air
airborne
aircraft
aired
airfield
airing
airpark
airport
airports
airs
airway
airways
albedo
albedos
albeit
alcohol
algorithm
algorithms
align
aligned
aligning
alignment
alignments
aligns
alive
alkaline
alkalinity
alkane
alkanes
alkanol
alkanols
alkene
alkenes
alkyl
all
alleviate
alleviated
alleviates
alleviating
alleviation
alleviations
allow
allowed
allowing
allows
almost
aloft
alone
along
alongside
alpha
alpine
already
also
alter
alteration
alterations
altered
altering
alternate
alternates
alternative
alternatively
alternatives
alters
although
altimeter
altimeters
altimetric
altimetry
altitude
altitudes
altitudinal
altogether
always
ambient
ammonia
ammonium
among
amongst
amount
amounting
amounts
ample
amplitude
amplitudes
amply
an
analog
analogies
analogous
analogy
analyses
analysis
analytics
analyze
analyzed
analyzer
analyzers
analyzes
analyzing
anatomy
ancillary
and
anemometer
anemometers
angle
angled
angles
angling
animal
animals
animate
animated
animates
animating
animation
animations
announce
announced
announcement
announcements
announces
announcing
annual
annualize
annually
anomalies
anomalize
anomalous
anomaly
another
answer
answered
answering
answers
antarctic
antenna
antennas
anthropogenic
any
anywhere
apart
a-pinene
apparent
apparently
appear
appeared
appearing
appears
append
appended
appending
appends
apple
apples
applicabilities
applicability
applicable
application
applications
applied
applies
apply
applying
appreciate
appreciated
appreciates
appreciating
appreciation
appreciations
approach
approaches
approaching
appropriate
appropriated
appropriately
appropriates
approximate
approximated
approximately
approximates
approximating
approximation
approximations
april
aqua
aquaplanet
aqueous
arabian
arbitrary
arc
arch
archeology
archipelago
architect
architects
architecture
architectures
archive
archived
archives
archiving
arctic
are
area
areal
areas
argue
argued
argues
arguing
argument
arguments
arid
aridity
arise
arisen
arises
arising
arm
armed
armies
arms
army
arose
around
arrange
arranged
arrangement
arrangements
arranges
arranging
array
arrayed
arrays
art
article
articles
artifact
artifacts
artificial
artificially
as
ascend
ascended
ascending
ascends
ascension
ascent
ascents
aside
ask
asked
asking
asks
aspect
aspects
aspen
assay
assays
assemble
assembled
assembles
assembling
assembly
assess
assessed
assesses
assessing
assessment
assessments
asset
assets
assign
assigned
assigning
assignment
assignments
assigns
assimilate
assimilated
assimilates
assimilating
assimilation
assimilations
assimilative
assist
assistance
assisted
assisting
assists
associate
associated
associates
associating
association
assorted
assortment
assortments
assume
assumed
assumes
assuming
assumption
assumptions
assurance
assure
assured
assures
assuring
asterisk
asterisks
asymmetric
asymmetries
asymmetry
at
atlas
atlases
atmosphere
atmospheres
atmospheric
atmospherically
atomization
atomized
atomizer
atomizers
attach
attached
attaches
attachment
attachments
attain
attained
attaining
attains
attching
attempt
attempted
attempting
attempts
attend
attended
attending
attends
attention
attributable
attribute
attributes
attribution
attributions
augment
augmentation
augmented
augmenting
augments
august
aura
aurora
aurorae
auroral
auroras
auspices
austral
author
authored
authoring
authoritative
authorities
authority
authorize
authorized
authorizes
authorizing
authors
automate
automated
automates
automatic
automating
autonomous
autonomously
autooxidation
autumn
autumnal
autumns
auxiliary
avail
availability
available
availed
availing
avails
average
averaged
averages
averaging
aviation
avoid
avoided
avoiding
avoids
await
awaiting
awaits
award
awarded
awarding
awards
away
azimuth
azimuthal
azimuths
back
backed
background
backgrounds
backing
backs
backscatter
backscattered
backscatters
bacteria
bad
bag
bagged
bagging
bags
balance
balanced
balances
balancing
balloon
ballooned
ballooning
balloons
band
banded
banding
bands
bank
banked
banking
banks
barometer
barometric
barrier
barriers
basal
base
based
baseline
baselines
basemap
basemaps
bases
basic
basin
basing
basins
basis
bat
batch
batched
batches
batching
bath
bathed
bathing
baths
bathymetric
bathymetry
bathythermograph
bathythermographs
bats
batted
batting
bay
bayesian
bays
be
beach
beached
beaches
beaufort
became
because
become
becomes
becoming
bedrock
bedrocks
been
before
began
begin
beginning
begins
begun
behave
behaved
behaves
behaving
behavior
behaviors
being
beings
believe
believed
believes
believing
belong
belonged
belonging
belongs
below
benchmark
benchmarked
benchmarking
benchmarks
bend
bending
bends
benefit
benefited
benefiting
benefits
bent
benthic
benzene
benzenes
benzyl
berries
berry
best
bested
bet
beta
bets
betted
better
betting
between
beyond
bi
bias
biased
biases
biasing
bibliographic
bibliographies
bibliography
big
bigger
biggest
bike
biked
bikes
biking
bilinear
bilinearly
bill
billed
billing
billion
billions
bills
bin
binary
binned
bins
biogenic
biogeochemical
biogeochemistry
biological
biology
biomass
biome
biomes
biophysical
biosphere
bipolar
bird
birds
bit
bite
bites
biting
bits
bitten
black
blacklight
blacklights
blank
blend
blended
blending
blends
block
blocked
blocking
blocks
bloom
bloomed
blooming
blooms
bond
bondage
bonded
bonding
bonds
book
booked
booking
books
boreal
born
borne
both
bottom
bottomed
bottoming
bottoms
boulder
boulders
bound
boundaries
boundary
bounded
bounding
bounds
box
boxed
boxes
boxing
branch
branched
branches
branching
brand
branded
branding
brands
bravo
break
breaking
breaks
breakthrough
breakthroughs
brew
brewed
brewer
brewing
brews
bridge
bridged
bridges
bridging
brief
briefed
briefing
briefly
briefs
bright
brighten
brightened
brightening
brightens
brightness
bring
bringing
brings
broad
broadcast
broaden
broadened
broadens
broader
broadest
broadly
broke
broker
brokered
brought
browse
browsed
browses
browsing
bucket
buckets
budget
budgeted
budgeting
budgets
buffalo
buffer
buffered
buffering
buffers
bug
bugged
bugging
bugs
building
buildings
buildup
built
bulb
bulbs
bulk
bulletin
bulletins
buoy
buoyancy
buoyant
buoys
burden
burdened
burdening
burdens
bureau
bureaus
burn
burned
burning
burns
burst
bursting
bursts
bushfire
business
businesses
but
butadiene
butanol
by
byte
bytes
cadence
cadences
calcification
calcifications
calcified
calcifies
calcify
calcifying
calculate
calculated
calculates
calculating
calculation
calculations
calendar
calendars
calibrate
calibrated
calibrates
calibrating
calibration
calibrations
call
called
calling
calls
cam
came
camel
camels
campaign
campaigns
campus
campuses
cams
can
canned
canning
cannot
canon
canonical
canopies
canopy
cans
cap
capabilities
capability
capable
capped
capping
caps
capture
captured
captures
capturing
carbon
carbonyl
carbonyls
card
carded
carding
cards
care
cares
caribou
caring
carried
carries
carry
carrying
cartridge
cartridges
caryophyllene
cascade
cascaded
cascades
cascading
case
cased
cases
casing
cat
catalog
catalogs
catalogue
catalogued
catalogues
catchment
catchments
catechol
catechols
categories
categorization
categorizations
categorized
categorizing
category
cats
cattle
causation
cause
caused
causes
causing
caution
cautionary
cautioned
cautioning
cautions
cdrom
cdroms
ceiling
ceilometer
cell
celled
cells
cellular
celsius
centennial
center
centered
centering
centers
centimeter
centimeters
central
centroidal
centuries
century
certain
certainties
certainty
chain
chained
chaining
chains
challenge
challenged
challenges
challenging
chamber
chambers
chance
chanced
chances
chancing
change
changed
changes
changing
channel
channeled
channeling
channels
chapter
chapters
character
characteristic
characteristics
characterization
characterizations
characterize
characterizes
characterizing
characters
chart
charted
charting
charts
check
checked
checking
checks
chemical
chemicals
chemist
chemistry
chief
chiefly
chiefs
chloride
chlorides
chlorine
chlorophyll
choice
choices
chosen
chromatography
chronologies
chronology
circa
circle
circled
circles
circling
circular
circulate
circulates
circulating
circulation
circulations
cirrus
cis
citation
citations
cite
cited
cities
citing
citizen
citizenry
citizens
citizenship
city
claim
claimed
claiming
claims
class
classes
classic
classical
classics
classification
classifications
classified
classifies
classify
classifying
clean
cleaned
cleaning
cleans
clear
cleared
clearing
clears
click
clicked
clicking
clicks
climate
climates
climatic
climatological
climatologically
climatologies
climatology
clone
cloned
clones
cloning
close
closed
closely
closer
closes
closest
closing
cloud
clouded
cloudier
cloudiness
clouding
cloudless
clouds
coalesce
coalesced
coalescence
coalesces
coalescing
coarse
coarser
coast
coastal
coasted
coasting
coastline
coastlines
coasts
co-author
coauthor
co-authored
coauthored
co-authoring
coauthoring
co-authors
coauthors
co-authorship
coauthorship
co-authorships
coauthorships
coccolithophore
coccolithophores
code
coded
codes
coding
coefficient
coefficients
coherence
coherent
coincide
coincidence
coincident
coinciding
cold
collaborated
collaborating
collaboration
collaborations
collaborative
collaborator
collaborators
collapse
collapsed
collapses
collapsing
collate
collated
collateral
collates
collating
colleague
colleagues
collect
collected
collecting
collection
collections
collectively
collects
college
colleges
collocate
collocated
collocates
collocating
collocation
collocations
color
colored
coloring
colors
column
columns
combat
combats
combatted
combatting
combination
combinations
combine
combined
combines
combining
come
comes
coming
comma
command
commanded
commanding
commands
commercial
commercials
commission
commissioned
commissioning
commissions
commit
commiting
commits
committed
committee
committees
common
commonly
commons
communicate
communicated
communicates
communicating
communication
communications
communities
community
compact
compacted
compacting
compacts
companion
companions
comparable
comparative
compare
compared
compares
comparing
comparison
comparisons
compatibility
compatible
compendium
compendiums
compensate
compensated
compensates
compensation
compete
competed
competes
competing
competition
competitions
competitive
competitiveness
compilation
compilations
compile
compiled
compiler
compilers
compiles
compiling
complement
complementary
complemented
complementing
complements
complete
completed
completely
completeness
completes
completing
completion
completions
complex
complexes
complexities
complexity
compliancy
compliant
component
components
compose
composed
composes
composing
composite
composited
composites
compositing
composition
compositions
compound
compounded
compounding
compounds
comprehensive
compress
compressed
compresses
compressing
compression
compressions
compressor
compressors
comprise
comprised
comprises
comprising
computation
computational
computationally
computations
compute
computed
computer
computerized
computers
computes
computing
concentrate
concentrated
concentrates
concentrating
concentration
concentrations
concern
concerned
concerning
concerns
conclude
concluded
concludes
concluding
conclusion
conclusions
conclusively
concomitant
concurrencies
concurrency
concurrent
concurrently
condensation
condensational
condense
condensed
condenses
condensing
condition
conditionally
conditioned
conditioning
conditions
conduct
conductance
conductances
conducted
conducting
conductivities
conductivity
conducts
confidence
confident
configuration
configurations
configure
configured
configures
configuring
confine
confined
confines
confining
confirm
confirmation
confirmations
confirmed
confirming
confirms
conflict
conflicted
conflicting
conflicts
conform
conformed
conforming
conforms
confront
confrontation
confrontational
confrontations
confronted
confronting
confronts
conjunction
connect
connected
connecting
connection
connects
consent
consented
consenting
consents
consequence
consequences
consequential
consequentially
conservation
conserve
conserved
conserves
conserving
consider
considerable
consideration
considerations
considered
considering
considers
consist
consisted
consistencies
consistency
consistent
consistently
consisting
consists
consitute
consituted
consitutes
consituting
consolidate
consolidated
consolidates
consolidating
consolidation
consolidations
consortium
constant
constants
constellation
constellations
constituent
constituents
constitute
constituted
constitutes
constituting
constitution
constitutions
constrain
constrained
constraining
constrains
constraint
constraints
construct
constructed
constructing
construction
constructs
consult
consultation
consulted
consulting
consults
consume
consumed
consumer
consumes
consuming
consumption
contact
contacted
contacting
contacts
contain
contained
container
containing
contains
contaminate
contaminated
contaminates
contaminating
contamination
content
contents
conterminous
context
contexts
contiguous
continent
continental
continents
continous
continual
continually
continue
continued
continues
continuing
continuities
continuity
continuous
continuously
contour
contoured
contouring
contours
contract
contracted
contracting
contracts
contrast
contrasted
contrasting
contrasts
contribute
contributed
contributes
contributing
contribution
contributions
contributor
contributors
control
controlled
controlling
controls
convection
convective
convenient
conveniently
convention
conventional
conventions
converge
converged
convergent
converges
converging
conversion
conversions
convert
converted
cool
cooled
cooling
cools
cooperate
cooperated
cooperating
cooperation
cooperative
coordinate
coordinated
coordinates
coordinating
coordination
copied
copies
copy
copying
core
cored
cores
coring
corner
cornered
corners
corporate
corporation
corporations
correct
corrected
correcting
correction
corrections
corrects
correlate
correlated
correlating
correlation
correlations
correspond
corresponded
correspondence
corresponding
corresponds
corrupt
corrupted
corrupting
corruption
corruptions
corrupts
cost
costing
costs
could
council
councils
count
counted
counterpart
counterparts
counties
counting
countries
country
counts
county
couple
coupled
coupler
couplers
couples
coupling
course
coursed
courses
coursing
courtesies
courtesy
covariance
covariances
cover
coverage
covered
covering
covers
covert
cow
cows
create
created
creates
creating
creation
creations
creative
credibility
credible
credit
credited
crediting
credits
creep
creeping
creeps
crept
cresol
cresols
crest
crested
cresting
crests
critical
crop
cropped
cropping
crops
cross
crossed
crosses
crossing
cruise
cruised
cruises
cruising
cube
cubed
cubes
cubic
cultivate
cultivated
cultivates
cultivating
cultivation
cultivations
cumulative
cumulus
curate
curated
curates
curating
curation
curl
curled
curling
curls
current
currently
currents
curve
curved
curves
curving
customization
customizations
customize
customized
customizes
customizing
cutoff
cutoffs
cycle
cycles
cyclic
cyclical
cyclogenesis
cyclohexane
cyclone
cyclones
cyclonic
cylinder
cylinders
cylindrical
cylindrically
dailies
daily
dairies
dairy
damage
damaged
damages
damaging
damp
damped
dampen
dampened
dampening
damping
damps
dark
darken
darkened
darkening
darkens
dashboard
dashboards
data
databank
databanks
database
databases
datafile
datafiles
dataset
datasets
date
dated
dates
dating
datum
dawnside
day
daylight
days
daytime
dead
deal
dealias
dealiased
dealiases
dealiasing
dealing
dealings
deals
dean
deans
decadal
decade
decades
decane
decanes
decanol
decay
decayed
decaying
decays
december
decembers
decide
decided
decides
deciding
deciduous
decision
decisions
deck
decked
decking
decks
declassification
declassifications
declassified
declassify
declassifying
decode
decoded
decoder
decodes
decoding
decompose
decomposed
decomposes
decomposing
decomposition
decompositions
decompression
decompressions
decrease
decreased
decreases
decreasing
deduce
deduced
deduces
deducing
deem
deemed
deems
deep
default
defaulted
defaulting
defaults
deficiencies
deficiency
deficient
deficit
deficits
define
defined
defines
defining
definition
definitions
deglacial
deglaciation
degrade
degraded
degrades
degrading
degree
degrees
delay
delayed
delaying
delays
delegation
delegations
delimited
deliquesce
deliquesced
deliquescence
deliquescences
deliquescing
deliver
delivered
delivering
delivers
delta
deltas
demonstrate
demonstrated
demonstrates
demonstrating
demonstration
demonstrations
deniable
denied
denies
denote
denoted
denotes
denoting
dense
densities
density
denuder
deny
denying
depart
departed
departing
department
departments
departs
departure
departures
depend
depended
dependence
dependences
dependency
dependent
depending
depends
depict
depicted
depicting
depiction
depictions
depicts
deplete
depleted
depleting
depletion
depletions
deplets
deploy
deployable
deployed
deploying
deployment
deployments
deploys
deposit
deposited
depositing
deposition
deposits
deprecate
deprecated
deprecates
deprecating
deprecation
depress
depressed
depresses
depressing
depression
depth
depths
derivation
derivations
derivative
derivatives
derive
derived
derives
deriving
describe
described
describes
describing
description
descriptions
descriptive
desert
deserted
deserting
desertion
deserts
design
designate
designated
designates
designating
designation
designations
designed
designing
designs
desirable
desire
desired
desires
desiring
desorption
despite
de-stagger
detachment
detachments
detail
detailed
detailing
details
detect
detectable
detectably
detected
detecting
detection
detects
determination
determinations
determine
determined
determines
determining
deterministic
develop
developed
developer
developers
developing
development
developments
develops
deviation
deviations
device
devices
dew
diabatic
diagnosis
diagnostic
diagnostics
diamond
diamonds
diapycnal
diapycnals
did
didn't
die
died
dies
diesel
diethylene
differ
differed
difference
differences
different
differential
differentials
differing
differs
difficult
difficulty
diffuse
diffused
diffuses
diffusing
diffusion
diffusions
digit
digital
digitization
digitizations
digitized
digits
dihydroxydinitrate
dilute
diluted
dilutes
diluting
dilution
dilutions
dimension
dimensional
dimer
dimers
dimethylsulfide
diminish
diminished
diminishes
diminishing
dinitrogen
dioctyl
diol
diols
dioxide
direct
directed
directing
direction
directional
directions
directly
directories
directory
directs
disadvantage
disadvantaged
disadvantages
disaggregate
disaggregated
disaggregation
disaggregations
disc
discard
discarded
discarding
discards
discharge
discharged
discharges
discharging
discipline
disciplined
disciplines
disciplining
disclaimer
disconnect
disconnected
disconnecting
disconnection
disconnections
disconnects
discontinue
discontinued
discontinues
discontinuing
discover
discovered
discovering
discovers
discrete
discretization
discs
discuss
discussed
discusses
discussing
discussion
discussions
disk
disks
display
displayed
displaying
displays
disrupt
disrupted
disrupting
disruption
disruptions
disrupts
disseminate
disseminated
disseminates
disseminating
dissemination
disseminations
dissipate
dissipated
dissipates
dissipating
dissipation
dissociate
dissociated
dissociates
dissociating
dissociation
dissociations
dissolution
dissolutions
dissolve
dissolved
dissolves
dissolving
distinct
distinguish
distinguished
distinguishes
distinguishing
distort
distorted
distorting
distortion
distortions
distorts
distribute
distributed
distributes
distributing
distribution
distributions
disturbance
disturbances
diurnal
diverge
diverged
divergence
divergences
diverges
diverging
diverse
diversities
diversity
divide
divided
divides
dividing
division
divisional
divisions
do
dobson
document
documentation
documented
documenting
documents
dodecane
dodecanes
dodecanol
doe
does
doesn't
dollar
dollars
domain
domains
dominance
dominant
dominate
dominated
dominates
dominating
domination
done
don't
doppler
double
doubled
doubles
doubling
down
download
downloadable
downloaded
downloading
downloads
downscale
downscaled
downscales
downscaling
downslope
downslopes
downsloping
downstream
downward
dozen
dozens
drag
dragged
dragging
drags
drain
drainage
drainages
drained
draining
drains
drastic
drastically
draw
drawback
drawbacks
drawing
drawn
draws
dress
dressed
dresses
dressing
drew
dried
dries
drift
drifted
drifter
drifters
drifting
drifts
drive
driven
driver
drivers
drives
driving
drogue
drogues
drop
droplet
droplets
dropped
dropping
drops
dropsonde
dropsondes
dropwindsonde
dropwindsondes
dropwinsonde
drought
droughts
drove
dry
drying
dual
due
dues
duly
dump
dumped
dumping
dumps
duplicate
duplicated
duplicates
duplicating
duplication
duplications
duration
durations
during
duskside
dust
dusted
dusting
dusts
dutch
dying
dynamic
dynamical
dynamically
dynamics
dynamo
each
eager
eagerness
ear
eared
earlier
earliest
early
earmark
earmarks
ears
earth
earthen
ease
easement
eases
easier
easiest
easily
easing
east
easterly
eastern
eastward
easy
echo
echoed
echoes
echoing
eclipse
eclipsed
eclipses
eclipsing
ecological
ecologies
ecology
economic
economics
economies
economize
economized
economizes
economizing
economy
ecosystem
ecosystems
ecotype
ecotypes
eddies
eddy
eddying
edge
edged
edges
edging
edit
edited
editing
edition
editions
edits
educate
educated
educates
educating
education
educational
effect
effected
effecting
effective
effects
efficiencies
efficiency
efficient
effort
efforts
egregious
eight
eighteen
eighteenth
eighth
eighty
either
electric
electrical
electricity
electrodynamics
electrodynamo
electromagnetic
electron
electronic
electronically
electrons
electrostatic
element
elemental
elements
elevate
elevated
elevates
elevating
elevation
elevations
eleven
eleventh
eliminate
eliminated
eliminates
eliminating
elimination
eliminations
elsewhere
email
emailed
emailing
emails
embed
embedded
embedding
embeds
emerge
emerged
emergence
emergencies
emergency
emergent
emerges
emerging
emission
emissions
emissivities
emissivity
emit
emits
emitted
emitting
emphasis
emphasize
emphasized
emphasizes
emphasizing
empirical
empirically
employ
employed
employing
employs
empties
empty
enable
enabled
enables
enabling
enclose
enclosed
encloses
enclosing
enclosure
enclosures
encode
encoded
encodes
encoding
encompass
encompassed
encompasses
encompassing
encourage
encouraged
encourages
encouraging
end
endeavor
endeavors
ended
endian
endianness
ending
ends
energies
energy
enforce
enforced
enforcement
enforces
enforcing
engage
engaged
engagement
engagements
engages
engaging
engine
engineer
engineered
engineering
engineers
engines
enhance
enhanced
enhancement
enhancements
enhances
enhancing
enormities
enormity
enormous
enough
enrich
enriched
enriches
enriching
enrichment
enrichments
ensemble
ensembles
ensue
ensued
ensues
ensuing
ensure
ensured
ensures
ensuring
enter
entered
entering
enters
entire
entirely
entitle
entitled
entitles
entrain
entrained
entraining
entrains
entries
entry
environment
environmental
environments
epidemiological
epidemiologies
epidemiology
epoch
epoxide
epoxides
epoxydiol
equal
equaled
equaling
equally
equals
equate
equated
equates
equating
equation
equations
equator
equatorial
equators
equatorward
equilibrate
equilibrated
equilibrates
equilibrating
equilibration
equilibrations
equilibrium
equilibriums
equinox
equinoxes
equip
equipment
equipped
equipping
equips
equivalence
equivalent
era
eras
erroneous
error
errored
errors
erupt
erupted
erupting
eruption
eruptions
erupts
especially
essential
essentially
establish
established
establishes
establishing
establishment
establishments
esther
esthers
estimate
estimated
estimates
estimating
estimation
estimations
et
eta
etc
ethanol
ethene
ether
ethers
ethyl
ethylene
ethyltoluene
eulerian
evaluate
evaluated
evaluates
evaluating
evaluation
evaluations
evaporate
evaporated
evaporates
evaporating
evaporation
evapotranspiration
even
evening
evenly
event
events
eventually
evergreen
every
everyone
everything
everywhere
evidence
evident
evolution
evolutions
evolve
evolved
evolves
evolving
exabyte
exact
exactly
exam
examination
examinations
examine
examined
examines
examining
example
examples
exams
excel
excelled
excellence
excellent
excelling
except
exception
exceptional
exceptionally
exceptions
excerpt
excerpted
excerpts
excess
exchange
exchanged
exchanges
exchanging
exclude
excluded
excludes
excluding
exclusion
exclusions
exclusive
exclusively
executable
executables
execute
executed
executes
executing
execution
executions
exert
exerted
exerting
exerts
exhaust
exhausted
exhausting
exhaustive
exhausts
exhibit
exhibited
exhibiting
exhibition
exhibitions
exhibits
exist
existed
existence
existences
existing
exists
expand
expanded
expanding
expands
expansion
expansions
expect
expectation
expectations
expected
expecting
expects
expedite
expedited
expediting
expedition
expeditions
expend
expendable
expended
expending
expends
experience
experienced
experiences
experiencing
experiment
experimental
experimenter
experimenters
experiments
explain
explained
explaining
explains
explanation
explanations
explicit
explicitly
explode
exploded
explodes
exploding
exploit
exploitation
exploitations
exploited
exploiting
exploits
exploration
explorations
explore
explored
explores
exploring
explosion
explosions
explosive
explosives
exponent
exponential
exponents
expose
exposed
exposes
exposing
exposure
exposures
express
expressed
expresses
expressing
expression
expressions
extant
extend
extended
extending
extends
extension
extensions
extensive
extensively
extent
extents
external
extinct
extinction
extra
extract
extracted
extracts
extras
extraterrestrial
extratropic
extratropical
extratropics
extreme
extremely
extremes
eye
face
faced
faces
facilitate
facilitated
facilitates
facilitating
facilitation
facilities
facility
facing
fact
factor
factored
factoring
factorization
factorizations
factorized
factors
facts
fail
failed
failing
fails
failure
failures
fair
faired
fairing
fairly
fairs
fall
falling
falls
falter
falters
familiar
familiarity
families
family
far
farmed
farmer
farmers
farming
farther
farthest
fashion
fast
faster
fastest
fate
fated
fates
favor
favored
favoring
favors
fax
faxes
feasibilities
feasibility
feasible
feature
featured
features
featuring
february
februarys
fed
federal
feed
feedback
feedbacks
feeding
feeds
fell
fertilization
fertilizations
fertilizer
fertiliziers
fertilizing
fester
few
fewer
fewest
fidelity
field
fielded
fielding
fields
fifteen
fifteenth
fifth
fifty
figure
figured
figures
figurine
figurines
figuring
file
filed
filename
filenames
files
filing
filings
fill
filled
filling
fillings
fills
film
filmed
filming
films
filter
filtered
filtering
filters
filtration
final
finally
finals
find
finding
findings
finds
fine
fined
finer
fines
finescale
finite
fire
fires
first
fish
fished
fisheries
fishery
fishes
fishing
fit
fits
fitted
fitting
five
fix
fixation
fixed
fixes
fixing
flag
flagged
flagging
flags
flare
flared
flares
flaring
flat
flats
flatten
flattened
flattening
flattens
flatter
flatters
flattery
fleet
fleets
flew
flexibility
flexible
flies
flight
flights
float
floatation
floated
floating
floats
flood
flooded
flooding
floods
floor
floored
floors
flow
flowed
flowing
flown
flows
fluctuate
fluctuated
fluctuates
fluctuating
fluctuation
fluctuations
fluid
fluids
flush
flushed
flushes
flushing
flux
fluxes
fly
flying
foci
focus
focused
focuses
focusing
folder
folders
follow
followed
following
follows
food
foods
footprint
footprints
for
foraminifera
force
forced
forces
forcing
forcings
forecast
forecasted
forecasting
forecasts
foreign
foreknowledge
forest
forested
forests
form
formal
formaldehyde
formalities
formality
format
formate
formates
formation
formations
formats
formatted
formatting
formed
former
formerly
formic
forming
forms
formula
formulae
formulas
formulate
formulated
formulates
formulating
formulation
fortran
forty
forward
fossil
fossilization
fossilizations
fossilized
fossilizes
fossils
fosslize
found
foundation
foundations
founded
founding
four
fourier
fourteen
fourteenth
fourth
fraction
fractional
fractions
fragment
fragmentation
fragmentations
fragmented
fragments
frame
framed
frames
framework
frameworks
framing
free
freed
freeing
freely
freeze
freezes
freezing
frequencies
frequency
frequently
freshwater
friction
friday
from
front
frontal
fronted
frontier
frontiers
fronts
froze
frozen
ftp
fuel
fueled
fueling
fuels
full
fully
function
functional
functions
fund
fundamental
fundamentals
funded
funding
funds
funnel
funneled
funneling
funnels
fur
furred
furry
furs
further
furthermore
fuse
fused
fuses
fusing
fusion
fusions
future
futures
gage
gages
gain
gained
gaining
gains
gale
gales
gamma
gap
gapped
gapping
gaps
gas
gaseous
gases
gasoline
gasolines
gasp
gasped
gasping
gasps
gassed
gasses
gassing
gate
gated
gates
gateway
gateways
gather
gathered
gathering
gatherings
gathers
gauge
gauged
gauges
gauging
gaussian
gave
gem
gems
general
generalization
generalizations
generalize
generalized
generalizes
generally
generals
generate
generated
generates
generating
generation
generations
generator
generators
generic
generically
generics
geographic
geographical
geographically
geography
geological
geologically
geology
geomagnetic
geomagnetically
geomagnetism
geometric
geometrical
geometrically
geometry
geophysical
geophysically
geopotential
geoscience
geosciences
geospace
geostationary
get
gets
getting
gigabyte
gigabytes
give
given
gives
giving
glacial
glacially
glacier
glaciers
glaciology
glade
glades
glass
glassed
glasses
glimpse
glimpsed
glimpses
global
globally
globe
globes
glycol
glycolaldehyde
glyoxal
go
goal
goals
goat
goats
goes
going
gone
good
goodness
goodwill
got
govern
governed
governing
government
governments
governs
grab
grace
graced
graces
gracing
gradation
gradient
gradients
gradual
gradually
grand
grant
granted
granting
grants
graphic
graphics
grass
grasses
grasslands
grave
graves
gravity
great
greater
greatest
greatly
greenhouse
greenhouses
gregorian
grew
grid
gridded
gridding
gridpoint
gridpoints
grids
gross
ground
grounded
grounding
grounds
groundwater
group
grouped
grouping
groupings
groups
grow
growing
grown
grows
growth
growths
guess
guessed
guesses
guessing
guidance
guide
guided
guides
guiding
gulf
gulfs
gust
gusted
gusting
gusts
gyre
had
hail
hailed
hailing
hails
hailstorm
hailstorms
half
halfway
halves
hamburger
hamburgers
hand
handful
handfuls
handle
handled
handles
handling
happen
happened
happening
happenings
happens
hardcopies
hardcopy
hardware
harmonic
harmonics
has
have
having
hazard
hazards
he
head
headed
header
headers
heading
headquartered
headquarters
heads
health
healthy
heat
heated
heating
heats
heavier
heaviest
heavily
heavy
height
heights
held
helium
hello
help
helped
helping
helps
hemisphere
hemispheres
hemispheric
hemispherically
hence
her
here
hereafter
hers
heterogeneities
heterogeneity
heterogeneous
heterogenous
hexanes
hexanol
high
higher
highest
highlight
highlighted
highlighting
highlights
highly
hill
hills
hillslope
hindcast
hindcasting
hindcasts
hint
hinted
hinting
hints
his
histogram
histograms
historic
historical
historically
histories
history
hold
holding
holds
hole
holed
holes
holing
holocene
home
homed
homes
homing
homogeneities
homogeneity
homogeneous
homogenization
homogenize
homogenized
hope
hoped
hopes
hoping
horizontal
horizontally
horse
horsed
horses
horsing
host
hosted
hosting
hosts
hot
hotter
hottest
hour
hourly
hours
how
however
hub
hubs
human
humanly
humans
humid
humidified
humidifies
humidify
humidity
humulene
hundred
hundreds
hurricane
hurricanes
hybrid
hybrids
hydrate
hydrated
hydrates
hydrating
hydration
hydrocarbon
hydrocast
hydrocasts
hydrochloric
hydroclimate
hydrogen
hydrographic
hydrography
hydrologic
hydrological
hydrology
hydrolysis
hydrolyze
hydrolyzed
hydrolyzes
hydrolyzing
hydrometeorological
hydrometeorology
hydroperoxide
hydrostatic
hydrostatically
hydroxy
hydroxyacetone
hydroxybenzoquinone
hydroxyl
hydroxymethylhydroperoxide
hydroxynitrate
hygroscopicity
hypercube
hypotheses
hypothesis
hypothesize
hypothesized
hypothesizes
hypothesizing
ice
iced
icefree
icepack
ices
icing
idea
ideal
idealization
idealizations
idealize
idealized
idealizes
ideas
identical
identically
identification
identifications
identified
identifier
identifiers
identifies
identify
identities
identity
if
ifs
illuminate
illuminated
illuminates
illuminating
illumination
illuminations
illustrate
illustrated
illustrates
illustrating
illustration
illustrations
image
imaged
imager
imagers
imagery
images
imaging
imbalance
imbalances
immediate
immediately
impact
impacted
impacting
impaction
impactions
impacts
implement
implementation
implemented
implementing
implements
implication
implications
implicit
implied
implies
imply
import
importance
important
importantly
importation
imported
imports
impose
imposed
imposes
imposing
imposition
impositions
improve
improved
improvement
improvements
improves
improving
impure
impurities
impurity
in
inability
inaccuracies
inaccuracy
inaccurate
inaccurately
inappropriate
inch
incident
incidental
incidents
include
included
includes
including
inclusion
inclusions
inclusive
incoming
incomplete
incorporate
incorporated
incorporates
incorporating
incorrect
incorrectly
increase
increased
increases
increasing
increasingly
increment
incremental
incrementally
incremented
incrementing
increments
indeed
independent
independently
index
indexes
indicate
indicated
indicates
indicating
indication
indications
indicator
indicators
indices
indirect
indirectly
individual
individually
individuals
induce
induced
induces
inducing
industrial
industries
industrious
industry
infer
inferior
inferred
infers
infinite
infinity
inflate
inflated
inflates
inflating
inflation
inflations
inflection
inflections
influence
influenced
influences
influencing
inform
information
informational
informed
informing
informs
infrared
infrastructure
infuse
infused
infuses
infusing
infusion
infusions
ingest
ingested
ingesting
ingestion
ingests
inherent
inherently
inhomogeneities
inhomogeneity
initial
initialization
initializations
initialize
initialized
initially
initiate
initiated
initiates
initiating
initiative
initiatives
inject
injected
injecting
injection
injections
injects
inland
inlet
inlets
innermost
innovate
innovated
innovates
innovating
innovation
innovations
innovative
inorganic
inorganically
input
inputs
insert
inserted
inserting
insertion
insertions
inserts
insight
insights
insolation
inspect
inspected
inspecting
inspection
inspections
inspects
instability
instantaneous
instantaneously
instead
institute
instituted
institutes
instituting
institution
institutions
instrinsic
instruct
instructed
instructing
instruction
instructions
instructs
instrument
instrumental
instrumentation
instrumented
instruments
insulate
insulated
insulates
insulating
insulation
insurance
insure
insured
insures
insuring
integer
integers
integral
integrals
integrate
integrated
integrates
integrating
integration
integrations
integrator
integrators
intellectual
intellectuals
intelligence
intelligent
intend
intended
intending
intends
intense
intensity
intention
intentional
intentionally
intentions
inter
interaction
interactions
interactive
interannual
intercalibrate
intercalibrates
intercalibrating
intercalibration
intercalibrations
intercomparison
intercomparisons
interdecadal
interest
interested
interesting
interestingly
interests
interface
interfaced
interfaces
interfere
interfered
interference
interferences
interferes
interfering
interferometer
interferometers
interglacial
interhemispheric
interim
interior
interiors
intermediaaries
intermediary
intermediate
intermediates
internal
internally
international
internationally
internet
interoperability
interoperable
interpolate
interpolated
interpolates
interpolating
interpolation
interpolations
interpret
interpretable
interpretation
interpretations
interpreted
interpreting
interprets
intersect
intersected
intersecting
intersection
intersections
intersects
interval
intervals
intervene
intervened
intervenes
intervening
intervention
interventions
into
intrinsic
introduce
introduced
introduces
introducing
introduction
introductions
invaluable
inventories
inventory
inverse
inversion
inversions
invert
inverted
inverting
inverts
invest
invested
investigate
investigated
investigates
investigating
investigation
investigations
investing
investment
investments
invests
involve
involved
involvement
involvements
involves
involving
ion
ionic
ionization
ionosphere
ionospheric
ions
irradiance
irregular
irregularly
irrigate
irrigated
irrigates
irrigating
irrigation
is
isentropic
island
islands
isobaric
isolate
isolated
isolates
isolating
isolation
isolations
isomerization
isoprene
isopycnal
isopycnic
isotach
isotachs
isotope
isotopes
isotropic
issue
issued
issues
issuing
it
itemization
itemizations
itemize
itemized
itemizes
itemizing
iterate
iterated
iterates
iterating
iteration
iterations
iterative
iteratively
its
itself
jack
jacked
jacking
jacks
january
januarys
jet
jets
jetted
jetting
jettison
joint
jointed
jointly
joints
journal
journals
july
julys
jump
jumped
jumping
jumps
june
junes
just
justification
justifications
justified
justifies
justify
justifying
keep
keeping
keeps
kept
key
keyed
keying
keypunch
keypunched
keys
keyword
keywords
kill
killed
killing
kills
kilometer
kilometers
kind
kindly
kinds
kinetic
kinetics
king
kingdom
kings
kite
kites
knot
knots
knowledge
known
kriging
lab
label
labeled
labeling
labels
laboratories
laboratory
labs
lack
lacked
lacking
lacks
lag
lagged
lagging
lagrangian
lags
land
landed
landfall
landfalling
landfalls
landing
landings
lands
landscape
landscapes
lapse
lapsed
lapses
lapsing
laptop
laptops
large
largely
larger
largest
laser
lasers
last
lasted
lasting
lasts
late
latencies
latency
latent
later
lateral
latest
latin
latitude
latitudes
latitudinal
latter
launch
launched
launches
launching
law
laws
layer
layered
layering
layers
lead
leader
leaders
leadership
leading
leads
leaf
leak
leaked
leaking
leaks
leaky
learn
learned
learning
learns
least
leaves
leaving
led
leeside
left
length
lengths
less
lesser
letter
letters
level
leveled
leveling
levels
leverage
liability
liable
liberate
liberated
liberates
liberation
libraries
library
license
licensed
licenses
licensing
lid
lidar
lidars
lids
lie
lied
lies
life
light
lighted
lighting
lights
lightship
like
liked
likelihood
likely
likes
liking
limit
limitation
limitations
limited
limiting
limits
line
linear
linearly
lined
lines
lining
link
linkage
linkages
linked
linking
links
liquid
liquidity
liquids
list
listed
listing
listings
lists
literary
literature
little
live
lived
lives
livestock
living
load
loaded
loading
loadings
loads
local
localization
localizations
localize
localized
localizes
localizing
locally
locate
located
locates
locating
location
locations
lockdown
lockdowns
log
logarithm
logarithms
logbook
logbooks
logged
logging
logistic
logistical
logistics
logs
long
longer
longest
longitude
longitudes
longitudinal
longwave
look
looked
looking
looks
loop
looped
looping
loops
lose
loses
losing
loss
losses
lossily
lossy
lost
lot
lots
lotus
low
lower
lowered
lowering
lowers
lowest
lunch
lunches
lying
machination
machinations
machine
machined
machines
machining
macronutrient
macronutrients
made
magnetic
magnetically
magnetism
magnetosphere
magnetospheric
magnitude
magnitudes
mail
mailed
mailing
mailings
mails
main
mainland
mainly
mains
maintain
maintained
maintaining
maintains
maintenance
major
majority
make
makes
making
makings
man
manage
manageable
managed
management
manages
managing
mandatory
manned
manual
manually
manuscript
manuscripts
many
map
mapped
mapping
mappings
maps
mar
march
marched
marches
marching
margin
marginal
marginally
margins
marine
mark
marked
marker
markers
market
marketed
marketing
markets
marking
markings
marks
marred
marring
mars
mask
masked
masking
masks
mass
masses
master
mastered
mastering
masters
match
matched
matches
matching
material
materially
materials
matrices
matrix
matter
mattered
matters
maximize
maximized
maximizes
maximizing
maximum
maximums
may
mean
meander
meanders
meaning
meanings
means
meant
measure
measured
measurement
measurements
measures
measuring
mechanic
mechanical
mechanics
mechanism
mechanisms
mechanistic
median
medians
mediate
mediated
mediates
mediator
mediators
medium
mediums
meet
meeting
meetings
meets
megabyte
megabytes
melt
melted
melting
melts
meltwater
member
members
memo
memorable
memorandum
memories
memory
memos
men
mention
mentioned
mentioning
mentions
merchant
merchants
mere
merely
merge
merged
merges
merging
meridional
mesh
meshed
meshes
meshing
mesonet
mesonets
mesoscale
mesosphere
mesospheric
message
messaged
messages
messaging
met
metadata
metar
meteor
meteorological
meteorologist
meteorologists
meteorology
meteors
meteosat
meter
metered
metering
meters
methacrolein
methacrylic
methacrylolyl
methane
methanol
method
methodical
methodically
methodologies
methodology
methods
methyl
methylfuran
methylglyoxal
methylgycleric
methylnaphthalene
metric
metro
metropolis
metropolises
metropolitan
metros
micro
microfilm
micrometeorological
microphysical
microphysics
micropulse
microscale
microwave
microwaves
mid
middle
middles
midlatitudes
midnight
might
mighty
migrate
migrated
migrates
migrating
migration
migrations
mile
miles
milestone
milestones
military
millennia
millennial
millennium
millibar
millibars
millimeter
millimeters
million
millions
mimic
mimics
mind
minded
minding
minds
mine
mineral
mineralization
mineralizations
mineralize
mineralized
mineralizes
mineralizing
minima
minimal
minimization
minimizations
minimize
minimized
minimizes
minimizing
minimum
minor
minus
minuses
minute
minutely
minutes
miscellaneous
miscellany
misinterpret
misinterpretation
misinterpretations
misinterpreted
misinterpreting
misinterprets
missing
mission
missions
misspell
misspelled
misspelling
misspells
mitigate
mitigated
mitigates
mitigating
mitigation
mix
mixed
mixes
mixing
mixture
mixtures
mobile
mobilization
mobilize
mobilizes
modal
mode
model
modeled
modeler
modelers
modeling
models
moderate
moderates
modern
modernization
modes
modest
modestly
modification
modifications
modified
modifies
modify
modifying
modulate
modulated
modulates
modulating
modulation
modulations
module
modules
moist
moisten
moistened
moistening
moistens
moisture
moisturization
moisturizations
moisturize
moisturized
moisturizes
molar
molarity
molecular
molt
molted
molting
molts
momentum
monday
monitor
monitored
monitoring
monitors
monodisperse
monoethyl
monograph
monolithic
monoterpene
monoterpenes
monoxide
monsoon
monsoons
month
monthly
months
moor
moored
mooring
morbid
morbidities
morbidity
more
moreover
moreso
morning
mornings
morph
morphed
morphing
morphs
mortal
mortalities
mortality
mosaic
most
mostly
motion
motions
motivate
motivated
motivates
motivating
motivation
motivations
mountain
mountainous
mountains
move
moved
moves
moving
much
multi
multi-attributable
multi-decadal
multidecadal
multifunctional
multilayer
multiphase
multi-platform
multiplatform
multiple
multiples
multiplication
multiplications
multiplicative
multiplicatively
multiplied
multiply
multiplying
multiplys
multiresolution
multiscale
multi-sensor
multivariate
multi-year
must
mustard
muster
musters
musty
my
mysteries
mystery
nadir
nadirs
name
named
namelist
namely
names
naming
nanometer
nanometers
naphthalene
naphthalenes
napthalene
nation
national
nationality
nationally
nations
native
natives
natural
naturally
nature
naught
nautical
naval
navigate
navigated
navigates
navigating
navigation
navigational
navigationally
navy
near
nearby
neared
nearest
nearing
nearly
nears
necessary
necessities
necessity
need
needed
needing
needs
negative
negatives
neighbor
neighborhood
neighborhoods
neighbors
neither
neodymium
nephanalyses
nephanalysis
nest
nested
nesting
nests
net
nets
netted
netting
network
networked
networking
networks
neural
neutral
neutrality
nevertheless
new
newer
newest
newly
news
newspaper
newspapers
next
night
nights
nighttime
nimbus
nine
nineteen
nineteenth
ninety
ninteenth
ninth
nipher
nitrate
nitrates
nitric
nitrite
nitrites
nitrogen
nitrooxy
nitrooxyhydroperoxide
nitrous
nitroxyhydroperoxide
no
noise
noises
noisy
nomad
nomads
nomenclature
nominal
nominally
non
nonanol
none
nonhydrostatic
nonlinear
nonlinearly
nonvolcanic
noon
nor
nordic
normal
normalized
normally
normals
north
northeast
northeastern
northerly
northern
northernmost
northward
northwest
northwestern
not
notable
note
noted
notes
noteworthy
notice
noticeable
noticed
notices
noticing
notified
notifies
notify
notifying
noting
novel
novels
november
novembers
now
nucleate
nucleated
nucleates
nucleating
nucleation
nucleations
nuclei
nucleus
nudge
nudged
nudges
nudging
number
numbers
numerical
numerous
nutrient
nutrients
oak
oaken
oar
oars
objective
objectively
objectives
obligate
obligated
obligates
obligating
obligation
obligations
obscuration
obscurations
obscure
obscured
obscures
obscuring
observation
observational
observationally
observations
observatories
observatory
observe
observed
observer
observers
observes
observing
obsolete
obstacle
obstacles
obtain
obtained
obtaining
obtains
obvious
occasion
occasional
occasionally
occasions
occultation
occur
occurred
occurrence
occurrences
occurring
occurs
ocean
oceanic
oceanographic
oceanography
oceans
octagon
octagonal
octahedral
octahedron
octane
octanes
octanol
october
octobers
of
off
offer
offered
offering
offerings
offers
office
offices
official
officials
officiate
officiated
offline
often
oil
oiled
oils
okay
okta
oktas
old
older
oldest
oleic
oligomer
oligomerization
oligomerize
oligomers
omega
omegas
omission
omit
omits
omitted
omitting
on
once
one
ones
ongoing
online
only
onset
onsets
onto
onward
onwards
oort
open
opened
opening
opens
operate
operated
operates
operating
operation
operational
operationally
operations
opportune
opportunistic
opportunities
opportunity
oppose
opposed
opposes
opposing
opposite
opposites
opposition
optical
optimal
optimally
optimization
optimizations
optimize
optimized
optimizes
optimizing
optimum
option
optional
options
or
orbit
orbital
orbiter
orbiting
orbits
order
orders
ordinal
ordinarily
ordinary
organic
organically
organics
organism
organisms
organization
organizations
organize
organized
organizes
organizing
organonitrate
organonitrates
orient
orientation
orientations
oriented
orienting
orients
original
originally
originals
orographic
orography
orthogonal
oscillate
oscillated
oscillates
oscillating
oscillation
oscillations
other
others
otherwise
our
out
outbreak
outbreaks
outcome
outcomes
outer
outermost
outflow
outflows
outgoing
outline
outlined
outlines
outlining
output
outputs
outputted
outputting
outside
outsized
outstanding
over
overage
overages
overall
overarching
overlap
overlapped
overlapping
overlaps
overnight
overturning
overview
overviews
own
owned
owner
ownership
owning
owns
oxalic
oxidant
oxidants
oxidate
oxidated
oxidates
oxidating
oxidation
oxidations
oxide
oxides
oxidization
oxidize
oxidized
oxidizes
oxidizing
oxygen
oxygenate
oxygenated
ozone
ozonesondes
ozonolysis
pacemaker
pacemakers
pack
package
packages
packed
packet
packets
packing
packs
page
paged
pages
paging
paid
pair
paired
pairing
pairings
pairs
paleo
paleoceanography
paleoclimate
paleoclimatology
palm
palms
pan
pandemic
pandemics
panned
panning
pans
paper
papered
papers
par
paragraph
paragraphs
parallel
parallelization
parallelize
parallelled
parallels
parameter
parameterization
parameterizations
parameterize
parameterized
parameterizes
parameterizing
parameters
parcel
parcels
park
parked
parking
parks
part
parted
partial
partially
participant
participants
participate
participated
participates
participating
particle
particles
particular
particularly
particulate
particulates
parties
parting
partition
partitioned
partitioning
partitions
partner
partnered
partnering
partners
parts
partway
party
pass
passed
passes
passing
passive
password
past
patch
patched
patches
patching
path
paths
pathway
pathways
pattern
patterns
pave
paved
paves
paving
pay
paying
payload
payloads
payment
payments
pays
peak
peaked
peaking
peaks
peer
pentad
pentadal
pentadecane
pentads
pentaethylene
pentoxide
people
per
percent
percentage
percentages
percentile
percentiles
perfect
perfecting
perfection
perfections
perfectly
perform
performance
performances
performed
performing
performs
perhaps
period
periodic
periodical
periodically
periods
permanence
permanent
permanently
permission
permissions
permit
permits
permitted
permitting
peroxide
peroxides
peroxy
peroxyacetic
peroxynitrate
perpetual
perpetually
persist
persisted
persistence
persistent
persisting
persists
perturb
perturbation
perturbations
perturbed
perturbing
perturbs
peruse
perused
peruses
perusing
petty
phase
phased
phases
phasing
phenol
phenology
phenols
phenomena
phenomenon
phosphate
phosphates
photochemical
photochemistry
photolysis
photolyze
photolyzed
photolyzes
photolyzing
photooxidation
photooxidize
photoreactivity
photosynthesis
photosynthetically
physical
physically
physics
phytoplankton
pibal
pibals
picture
pictures
pier
piers
pig
pigged
pigging
pigment
pigments
pigs
pillow
pillowed
pillows
pilot
piloted
piloting
pilots
pinene
pinonaldehyde
pinonic
pitfall
pitfalls
pixel
pixels
place
placed
placement
placements
places
placing
plain
plains
plan
planar
plane
planed
planes
planet
planetary
planets
planing
planktic
planned
planning
plans
plant
plantation
plantations
planted
planting
plants
plasma
plasmas
platform
platforms
plausibility
plausible
play
played
playing
plays
please
pleased
pleases
pleasing
pleistocene
plenty
plot
plots
plotted
plotting
plume
plumes
plus
pluses
point
pointed
pointing
points
polar
polarities
polarity
polarization
polarizations
polarize
polarized
polarizes
polarizing
pole
poles
poleward
police
policed
polices
policies
policing
policy
policymaker
policymakers
polish
political
politically
politics
pollutant
pollutants
pollution
polytechnic
pond
ponding
ponds
pool
pooled
pooling
pools
poor
poorly
popular
populate
populated
populates
populating
population
populations
port
portable
ported
porting
portion
portioned
portions
ports
pose
posed
poses
posing
position
positioning
positions
possibilities
possibility
possible
possibly
post
posted
posting
postings
posts
potential
potentially
potentials
pour
poured
pouring
pours
power
powered
powerful
powerfully
powering
powers
practical
practicality
practically
practice
practiced
practices
practicing
practitioner
practitioners
pre
precipitable
precipitate
precipitated
precipitates
precipitating
precipitation
precise
precisely
precision
preclude
precluded
precludes
precluding
precursor
precursors
predecessor
predecessors
predefine
predefined
predefining
predefinition
predefinitions
predict
predictability
predictable
predictand
predicted
predicting
prediction
predictions
predictive
predictors
predicts
predominant
predominantly
prefected
prefects
prefer
preference
preferential
preferentially
preferred
preferring
prefers
preindustrial
preliminary
prep
preparation
preparations
prepare
prepared
prepares
preparing
prepended
prepped
prepping
preprint
preprints
preps
prerequisite
prerequisites
prescribe
prescribed
prescribes
prescribing
prescription
prescriptions
presence
present
presented
presenting
presently
presents
preservation
preservations
preserve
preserved
preserves
preserving
preside
presided
president
presidents
presides
presiding
press
pressed
presses
pressing
pressure
pressures
pretty
prevail
prevailed
prevailing
prevails
prevalent
prevent
prevented
preventing
prevention
preventions
prevents
previous
previously
primarily
primary
primitive
primitives
principal
principals
principle
principles
print
printed
printing
prints
prior
priors
probabilities
probability
probable
probably
probe
probed
probes
probing
problem
problematic
problems
procedure
procedures
proceed
proceeded
proceeding
proceeds
process
processed
processes
processing
procession
processions
processor
processors
produce
produced
producer
producers
produces
producing
product
production
productions
productivity
products
profile
profiled
profiler
profiles
profiling
profound
profoundly
prognostic
prognosticate
program
programmatic
programmatically
programmed
programming
programs
progress
progressed
progresses
progressing
progression
progressions
prohibit
prohibited
prohibiting
prohibition
prohibits
project
projected
projecting
projection
projections
projects
prolong
prolonged
prolonging
prolongs
prominence
prominent
promise
promised
promises
promising
pronounce
pronounced
pronounces
pronouncing
pronunciation
pronunciations
propagate
propagated
propagates
propagating
propagation
propagations
propene
propenes
proper
properly
properties
property
propose
proposed
proposes
proposing
proposition
propositions
proprietary
protactinium
protect
protected
protecting
protection
protections
protects
protocol
protocols
prototype
prototypes
provenance
provide
provided
provider
providers
provides
providing
provision
provisional
provisioned
provisions
proxies
proxy
pseudo-global
pseudo-grid
pseudo-wind
ptarmigan
public
publication
publications
publicize
publicized
publicizes
publicizing
publicly
publish
published
publisher
publishes
publishing
puff
puffed
puffing
puffs
puffy
pull
pulled
pulling
pulls
pulse
pulsed
pulses
pulsing
punch
punched
punches
punching
pure
purely
purification
purify
purpose
purposes
push
pushed
pushes
pushing
put
puts
pyrocatechol
pyrrole
pyrroles
python
quadrangle
quadruple
quadrupled
quadruples
quadrupling
qualified
qualifies
qualify
qualitative
qualitatively
quality
quantified
quantifies
quantify
quantifying
quantile
quantiles
quantitative
quantitatively
quantities
quantity
quarter
quarterly
quarters
quasi
question
questioned
questioning
questions
quick
quicken
quickened
quickening
quickens
quickly
quiescence
quiescent
quiet
quieted
quieting
quiets
quite
quote
quoted
quotes
quoting
radar
radars
radial
radially
radiance
radiances
radiate
radiated
radiates
radiating
radiation
radiative
radical
radicalize
radicalized
radicalizes
radicalizing
radicals
radio
radiometer
radiometers
radios
radiosonde
radiosondes
radius
rain
rained
rainfall
rainfalls
raining
rains
rainshaft
raise
raised
raises
raising
ramp
ramped
ramping
ramps
ran
random
randomly
range
ranges
ranging
rank
ranked
ranking
rankings
ranks
raob
raobs
rapid
rapidly
rare
rarely
rarity
raster
rasters
rate
rated
rates
rather
rating
ratings
ratio
ratios
raw
rawinsonde
rawinsondes
ray
rays
reach
reached
reaches
reaching
react
reactant
reactants
reacted
reacting
reaction
reactions
reactive
reactivity
reacts
read
reader
readers
reading
readings
reads
ready
reagent
reagents
real
realistic
realistically
realities
reality
realization
realizations
realize
realized
realizes
realizing
really
realtime
reanalyses
reanalysis
reanalyze
reason
reasonable
reasonably
reasons
rebound
rebounded
rebounding
rebounds
recall
recalled
recalling
recalls
receive
received
receiver
receivers
receives
receiving
recent
recently
recognize
recognized
recognizes
recognizing
recommend
recommendation
recommendations
recommended
recommending
recommends
recompute
recomputed
recomputes
recomputing
reconcile
reconciled
reconciles
reconciliation
reconciliations
reconnaissance
reconstruct
reconstructed
reconstructing
reconstruction
reconstructions
reconstructs
record
recorded
recording
records
recover
recovered
recoveries
recovering
recovers
recovery
recur
recurred
recurrence
recurrences
recurring
recurs
red
redeploy
redeployed
redeploys
redistribute
redistributed
redistributes
redistribution
reds
reduce
reduced
reduces
reducing
reduction
reductions
refer
reference
referenced
references
referencing
referred
referring
refers
refine
refined
refinement
refinements
refines
refining
reflect
reflectance
reflectances
reflected
reflecting
reflection
reflections
reflective
reflectivities
reflectivity
reflects
reformat
reformats
reformatted
reformatting
refractivities
refractivity
refresh
refreshed
refreshes
refreshing
regard
regarded
regarding
regards
regime
regimes
region
regional
regionally
regions
register
registered
registering
registers
registration
registrations
regression
regressions
regridded
regrowth
regular
regularly
regulate
regulated
regulating
regulation
regulations
regulator
regulators
reinjection
rejection
rejections
relate
related
relating
relations
relationship
relationships
relative
relatively
relax
relaxation
relaxations
relaxed
relaxes
relaxing
release
released
releases
releasing
relevance
relevant
reliability
reliable
relief
relieve
relieved
relieves
relieving
relocate
relocated
relocates
relocating
relocation
relocations
remain
remained
remaining
remains
remark
remarkable
remarked
remarking
remarks
remineralization
remote
remotely
removal
removals
remove
removed
removes
removing
renew
renewable
re-optimization
reorganization
reorganizations
reorganize
reorganized
reorganizes
reorganizing
repair
repaired
repairing
repairs
reparations
repeat
repeated
repeating
repeats
replace
replaced
replacement
replacements
replaces
replacing
replenish
replenished
replenishes
replenishing
replenishment
replenishments
replicate
replicated
replicates
replicating
replication
replications
report
reported
reporting
reports
repositories
repository
represent
representation
representations
representative
representatives
represented
representing
represents
reprocess
reprocessed
reprocesses
reprocessing
reproduce
reproduced
reproduces
reproducibility
reproducing
reproduction
reproductions
republic
republics
request
requested
requesting
requests
require
required
requirement
requirements
requires
requiring
reran
rerun
rerunning
reruns
resample
resampled
resamples
resampling
rescue
rescued
rescues
rescuing
research
researched
researcher
researchers
researches
researching
residual
residuals
re-simulation
resolution
resolutions
resolvable
resolve
resolved
resolves
resolving
resorcinol
resource
resources
respect
respected
respecting
respective
respectively
respects
respiration
respond
responded
responding
responds
response
responses
responsibilities
responsibility
responsible
rest
restart
restarted
restarting
restarts
rested
resting
restrict
restricted
restricting
restriction
restrictions
restrictive
restricts
rests
result
resultant
resulted
resulting
results
retain
retained
retaining
retains
retention
retentions
retire
retired
retires
retiring
retreat
retreated
retreating
retreats
retrieval
retrievals
retrieve
retrieved
retrieves
retrieving
retrospective
retune
retuned
retunes
retuning
return
returned
returning
returns
revalations
reveal
revealed
revealing
reveals
revelation
review
reviewed
reviewing
reviews
revise
revised
revises
revising
revision
revisions
revisit
revisited
revisiting
revisits
revolution
revolutions
revolve
revolved
revolves
revolving
rework
reworked
rewritten
rice
rich
richer
riches
richest
ridge
ridges
right
rights
rigorous
rigorously
ring
ringged
ringging
rings
rise
risen
rises
rising
risk
risked
risking
risks
river
rivers
robin
robins
robust
robustly
rock
rocked
rocketsonde
rocketsondes
rocking
rocks
role
roles
room
rooms
root
rooted
rooting
roots
rose
roses
rossby
rotate
rotated
rotates
rotating
rotation
rotations
rough
roughed
roughened
roughly
roughness
roughs
round
rounds
route
routes
routine
routinely
routines
rove
rover
roves
roving
row
rowed
rowing
rows
royal
rudimentary
run
running
runoff
runs
rush
rushed
rushes
rushing
safe
safely
safer
safest
safety
saline
salinity
salt
salted
salting
salts
same
sameness
sample
sampled
samples
sampling
samplings
satellite
satellites
satifying
satisfaction
satisfactory
satisfied
satisfy
saturday
save
saved
saves
saving
savings
saw
saws
scalability
scalable
scalar
scalars
scale
scaled
scales
scaling
scan
scanned
scanner
scanners
scanning
scans
scarce
scarceness
scarcest
scarcity
scatter
scattered
scattering
scatterometer
scatterometers
scatters
scavenge
scavenged
scavenger
scavengers
scavenges
scavenging
scenario
scenarios
scheme
schemes
school
schooled
schooling
schools
science
sciences
scientific
scientifically
scientist
scientists
score
scored
scores
scoring
scow
scows
screen
screened
screening
screenings
screens
script
scripted
scripting
scripts
scrub
scrubbed
scrubber
scrubbers
scrubbing
scrubs
scrutinize
scrutinized
scrutinizes
scrutinizing
sea
seas
season
seasonal
seasonalities
seasonality
seasonally
seasoned
seasoning
seasonings
seasons
seawater
sebacate
second
secondarily
secondary
seconds
section
sections
sector
sectors
see
seed
seeded
seeding
seedless
seeds
seek
seeking
seeks
seem
seemed
seeming
seemingly
seems
seen
sees
seesaw
segment
segmented
segments
segregate
segregated
segregates
segregating
seismic
select
selected
selecting
selection
selections
selects
self
seller
sellers
semantic
semantically
semantics
semiannual
semidiurnal
semimonthly
send
sending
sends
sense
sensed
senses
sensibilities
sensibility
sensible
sensing
sensitive
sensitivities
sensitivity
sensor
sensors
sent
separate
separated
separately
separates
separating
separation
separations
september
septembers
sequence
sequences
sequential
serial
serialize
serialized
serializes
serializing
series
serve
served
server
servers
serves
service
services
serving
set
sets
setting
settings
settle
settled
settlement
settlements
settles
settling
setup
setups
seven
seventeen
seventeenth
seventh
seventy
several
severe
severity
shall
shallow
shallower
shallowest
shallows
share
shared
shares
sharing
sharp
sharpen
sharpened
sharpening
sharpens
shear
sheared
shearing
shears
sheep
sheet
sheets
shell
shells
shield
shielded
shielding
shields
shift
shifted
shifting
shifts
ship
shipboard
shipped
shipping
ships
shoal
shoals
short
shorter
shortest
shortly
shorts
shortwave
should
shouldn't
show
showed
showing
shown
shows
shrublands
shun
shunned
shunning
shuns
shut
shutdown
shutdowns
shuts
shutting
side
sided
sides
siding
sigma
sign
signal
signals
signed
significance
significant
significantly
signing
signs
silicate
silicates
similar
similarity
similarly
simple
simplest
simplified
simplifies
simplify
simply
simulate
simulated
simulates
simulating
simulation
simulations
simultaneous
simultaneously
since
single
singles
singular
singularity
singularly
sink
sinking
sinks
site
sites
situ
situate
situated
situating
situation
situations
six
sixteen
sixteenth
sixth
sixty
size
sized
sizes
sizing
skies
skill
skilled
skillful
skillfully
skills
skin
skinned
skinning
skins
sky
slab
slack
slacker
slackest
slant
slanted
slanting
slants
slice
sliced
slices
slicing
slid
slide
slider
sliders
slides
sliding
slight
slightly
slope
sloped
slopes
sloping
slot
slots
slotted
slow
slowed
slower
slowing
slowly
slows
small
smaller
smallest
smart
smarting
smartness
smarts
smog
smoggy
smooth
smoothed
smoothen
smoothening
smoothens
smoother
smoothest
smoothing
smoothly
smooths
snow
snowfall
snowfalls
snowpack
snowpacks
snows
so
social
socially
societies
society
socioeconomic
sodium
soft
soften
softens
softer
software
soil
soiled
soiling
soils
solar
solid
solids
solstice
solstices
solution
solutions
solvent
solvents
some
somebody
someday
somehow
someone
something
sometime
sometimes
somewhere
sonar
soon
sop
sophisticated
sophistication
sops
sort
sorted
sorting
sorts
sought
sounder
sounders
sounding
soundings
source
sourced
sources
south
southeast
southeastern
southern
southernmost
southwest
southwestern
soviet
space
spacecraft
spaced
spaces
spacing
span
spanned
spanning
spans
sparse
sparsely
sparser
sparsest
spatial
spatially
spatiotemporal
spatiotemporally
special
specialized
specially
specials
specialties
specialty
speciation
species
specific
specifically
specification
specifications
specifics
specified
specifies
specify
specifying
spectral
spectrometer
spectrometers
spectroscopic
spectroscopy
spectrum
spectrums
specular
sped
speed
speeding
speeds
spend
spending
spends
spent
spherical
spike
spiked
spikes
spiking
spin
spinning
spins
spinup
spline
splined
splines
split
splits
splitting
sponsor
sponsored
sponsoring
sponsors
sporadic
sporadically
spot
spots
spotted
spotter
spotters
spotting
spotty
spread
spreading
spreads
spring
springs
springtime
sprung
spun
spurious
spuriously
square
squared
squares
squaring
stability
stabilization
stabilizations
stabilize
stabilized
stabilizes
stabilizing
stable
stables
stack
stacked
stacker
stacking
stacks
staff
staffed
staffing
staffs
stage
staged
stages
stagger
staggered
staggers
staging
stainless
stakeholder
stakeholders
stall
stalled
stalling
stalls
stand
standard
standardized
standards
standing
stands
start
started
starting
starts
startup
startups
state
stated
statement
statements
states
static
stating
station
stationary
stationed
stations
statistic
statistical
statistically
statistics
status
steady
steel
steer
steered
steering
steers
step
stepped
stepping
steps
stereographic
steric
still
stochastic
stoma
stomatal
stood
stop
stopped
stopping
stops
storage
store
stored
stores
storing
storm
stormed
storming
storms
strait
strategic
strategically
strategies
strategy
stratification
stratified
stratify
stratocumulus
stratosphere
stratospheric
stratus
streak
streaked
streaking
streaks
stream
streamed
streamflow
streaming
streamline
streamlines
streams
strength
strengthen
strengthened
strengthening
strengthens
strengths
stress
stressed
stresses
stressing
string
strip
stripped
stripping
strips
strive
strives
striving
strong
stronger
strongest
strongly
structural
structure
structured
structures
studied
studies
study
studying
stuff
stuffed
stuffing
stuffs
style
styled
styles
styling
stylization
stylizations
stylize
stylized
stylizes
sub
subauroral
sub-daily
subdivided
subdivision
subdivisions
subgrid
subgroup
subgroups
subject
subjected
subjects
submarine
submission
submissions
submit
submits
submitted
submitting
subpolar
subsequent
subsequently
subset
subsets
subsetted
subsetting
subside
subsided
subsides
subsiding
substance
substances
substantial
substantially
substantiate
substantiates
substrate
subsurface
sub-target
subtract
subtracted
subtracting
subtraction
subtractions
subtracts
subtropical
succeeded
succeeding
succeeds
success
successful
successfully
succession
successively
successor
successors
such
sucrase
sucrose
suffer
suffered
suffering
sufferings
suffers
sufficient
sufficiently
sugar
suggest
suggested
suggesting
suggestion
suggestions
suggests
suit
suitable
suite
suited
suites
suits
sulfate
sulfates
sulfur
sulfuric
sulfurs
sulphate
sulphates
sum
summaries
summarized
summarizes
summarizing
summary
summation
summations
summed
summer
summered
summers
summertime
summing
sums
sun
sunday
sunk
sunlight
suns
sunshine
sunspot
sunspots
suominet
super
supercomputer
supercomputers
supercomputing
superimpose
superimposed
superimposes
superimposing
superior
superiority
superposition
superpressure
supersaturation
supersaturations
supersede
superseded
superstructure
supplement
supplemental
supplementary
supplemented
supplements
supplied
supplies
supply
supplying
support
supported
supporting
supports
surface
surfaced
surfaceing
surfaces
surrogate
surrogates
surround
surrounded
surrounding
surrounds
survey
surveyed
surveying
surveys
susceptibility
susceptible
suspect
suspected
suspecting
suspects
suspicious
sustain
sustainabilities
sustainability
sustained
sustaining
sustains
swap
swapped
swapping
swaps
swath
swaths
sweep
sweeping
sweeps
swell
swelled
swelling
swells
swept
switch
switched
switches
switching
swollen
symmetric
symmetrical
symmetries
symmetry
synchronous
synoptic
synoptically
synthesis
synthesize
synthesized
synthesizes
synthesizing
system
systematic
systems
tab
table
tabled
tables
tabs
tabular
tabulate
tabulates
tabulating
tabulation
tabulations
tackle
tackled
tackles
tackling
tag
tagged
tagging
tags
take
taked
taken
takeoff
takeoffs
taking
tale
tales
tandem
tape
taped
taper
tapered
tapering
tapers
tapes
taping
tar
tarball
target
targeted
targeting
targets
tarred
tarring
tars
team
teams
tease
teased
teases
teasing
technical
technically
technique
techniques
technological
technologically
technologies
technology
teflon
telecommunication
telecommunications
teleconnection
teleconnections
telemetry
teletype
teletypes
television
televisions
tell
telling
tells
temperate
temperature
temperatures
temporal
temporally
ten
tend
tended
tendencies
tendency
tending
tends
tens
tenth
tenths
term
termed
terminate
terminated
terminates
terminating
termination
terminations
terms
terpene
terpenes
terrain
terrestrial
territories
territory
test
testbed
tested
testing
tests
text
texted
texting
texts
texture
textures
than
thank
thanked
thanking
thanks
that
the
their
them
thematic
theme
themed
themes
themselves
then
theoretical
theoretically
theories
theory
there
thereafter
thereby
therefore
thereof
thermal
thermalize
thermalized
thermally
thermals
thermodynamic
thermodynamics
thermogram
thermograms
thermometer
thermometers
thermosalinograph
thermosphere
thermospheric
these
theses
thesis
theta
they
thickness
thicknesses
thing
things
think
thinking
third
thirds
thirteen
thirteenth
thirty
this
thorium
thorough
those
though
thought
thoughts
thousand
thousands
threat
threatened
threatening
threats
three
threshold
thresholds
through
throughout
thunderstorm
thunderstorms
thursday
thus
thusly
tidal
tide
tides
tidewater
tier
tiered
tiers
tight
tighten
tightened
tightening
tightens
tile
tiled
tiles
tiling
till
tilt
tilted
tilting
tilts
time
timed
timeline
timelines
timely
times
timescale
timescales
timeseries
timeslice
timeslices
timeslicing
timestamp
timestamps
timestep
timesteps
timing
timings
tiny
title
titled
titles
titrate
titrated
titrates
titrating
titration
titrations
to
today
together
told
tolerance
tolerances
toluene
toluenes
tomorrow
tongue
tongues
too
took
tool
toolbox
toolboxes
tooled
tools
top
topical
topographic
topographically
topography
topped
topping
tops
tornado
tornadoes
total
totaled
totaling
totally
totals
toward
towards
tower
towered
towering
towers
toy
toyed
toying
toys
trace
traced
tracer
tracers
traces
tracing
track
tracked
tracking
tracks
traction
trade
traded
trades
trading
traffic
train
trained
training
trains
trait
traits
trajectories
trajectory
trans
transboundary
transfer
transferred
transferring
transfers
transform
transformation
transformations
transformed
transforming
transforms
transient
transients
transition
transitioned
transitioning
transitions
translate
translated
translates
translating
translation
translations
transmission
transmissions
transmit
transmited
transmits
transmittance
transmittances
transmitted
transmitting
transparencies
transparency
transparent
transport
transportable
transportation
transported
transporting
transports
transpose
transposed
transposes
transposing
transposition
transpositions
trap
trapped
trapping
trappings
traps
treat
treated
treating
treats
tree
treed
trees
tremendous
trend
trended
trending
trends
trial
trials
triangle
triangles
triangular
triangulate
triangulated
tridecane
tridecanes
tried
tries
trigger
triggered
triggering
triggers
triply
tritium
tropic
tropical
tropics
tropopause
troposphere
tropospheric
trough
troughs
true
truncate
truncated
truncating
truncation
truth
truths
try
trying
tube
tubes
tubing
tuesday
tuna
tundra
tune
tuned
tunes
tuning
turbulence
turbulent
turn
turned
turning
turns
tutorial
tutorials
twelfth
twelve
twentieth
twenty
twice
two
type
typed
types
typhoon
typhoons
typical
typically
typing
ultimate
ultimately
ultra
ultraviolet
unable
unadjusted
unaffected
unattended
unbiased
uncertain
uncertainties
uncertainty
uncompress
uncompressed
uncorrected
uncouple
uncoupled
uncrewed
under
undergo
undergoes
undergoing
underlie
underlying
understand
understanding
understandings
understands
understood
undertaken
undertaking
undertakings
underwent
undesirability
undesirable
undesired
unexpected
unexpectedly
unformatted
unified
unifies
uniform
uniformity
uniformly
unify
unifying
uninitialized
unintended
union
unions
unique
uniquely
unit
unite
united
unites
units
universities
university
unknown
unless
unmanned
unpack
unpacked
unpacking
unpacks
unphysical
unprecedented
unpublished
unreacted
unreal
unrealistic
unrealistically
unreliable
unreliably
unresolved
unseeded
unsmoothed
unspecified
unstructured
untar
untarring
until
up
upcoming
update
updated
updates
updating
updraft
updrafts
upgrade
upgraded
upgrades
upgrading
upload
uploaded
uploading
uploads
upon
upper
uppermost
upscale
upscaled
uptake
upward
urban
urbane
urgencies
urgency
urgent
us
usage
use
used
useful
usefulness
user
users
uses
using
usual
usually
utility
utilization
utilizations
utilize
utilized
utilizes
utilizing
utmost
valid
validate
validated
validates
validating
validation
validations
valids
valley
valleys
valuable
value
values
vapor
vapors
variability
variable
variables
variance
variances
variant
variants
variation
variational
variations
varied
varies
variety
various
vary
varying
vast
vector
vectors
vegetation
vehicle
vehicles
velocities
velocity
venue
venues
verification
verifications
verified
verifies
verify
verifying
vernal
versatile
version
versions
versus
vertical
vertically
very
vessel
vessels
vet
vets
vetted
vetting
via
video
videos
view
viewed
viewing
viewings
views
virgin
virgins
viscosity
viscous
visibility
visible
visit
visited
visiting
visits
visual
visualization
visualizations
visualize
visualized
visualizes
visualizing
visually
vocabularies
vocabulary
vocal
vocals
voice
voiced
voices
voicing
void
voided
voids
volatile
volatility
volatilization
volatilized
volcanic
volcano
volcanoes
volume
volumes
volumetric
voluminous
volunteer
volunteers
vortex
vortices
vorticities
vorticity
vulnerabilities
vulnerability
vulnerable
wall
walls
want
wanted
wants
warm
warmed
warmer
warmest
warming
warms
warn
warned
warning
warns
warrant
warranted
warranting
warrants
was
wasn't
water
waters
watershed
watersheds
wave
waved
wavelength
wavelengths
wavenumber
waverider
waves
waving
way
ways
we
weak
weaken
weakened
weakening
weakens
weaker
weakest
weather
web
webpage
webpages
website
websites
wednesday
wednesdays
week
weekly
weeks
weigh
weighed
weighing
weighs
weight
weighted
weighting
weights
well
wells
went
were
west
western
westernmost
westward
wet
wetbulb
wetlands
wetness
wets
wetted
wetting
what
whatsoever
when
where
whereas
whereby
wherein
whether
which
while
white
who
whole
whose
why
wide
widely
widen
wider
widespread
widest
width
widths
wildfire
wildfires
will
willed
willing
wills
wind
window
windows
winds
windstress
winter
winters
wintertime
wise
wisely
wish
wished
wishes
wishing
wit
with
within
without
witty
wonky
won't
woodlands
word
worded
wording
words
work
worked
workflow
workflows
working
workplace
works
world
worlds
worldwide
worth
would
write
writes
writing
written
wrote
xylene
xylenes
yaw
year
yearbook
yearbooks
yearly
years
yell
yelled
yelling
yells
yes
yet
yield
yielded
yielding
yields
you
young
your
yours
youth
you've
zenith
zeniths
zero
zeroed
zeroes
zeroing
zeros
zonal
zone
zoned
zones
zoning
