Aires
Alabama
Alamos
Alaska
Alaskan
Alma-ata
Amazon
America
American
Americas
Andenes
Anglia
Antarctica
Arabia
Argentina
Argentinian
Aries
Arizona
Arkansas
Asheville
Asia
Asian
Atlantic
Austin
Australia
Australian
Baltic
Barbados
Batavia
Bedford
Belgium
Bengal
Berkeley
Berlin
Bogota
Bolivia
Bolivian
Brazil
Brazilian
Buckley
Buenos
Buffalo
California
Cambridge
Canada
Canadian
Caribbean
Carolina
Caspian
Champaign
Champaign-Urbana
Chapel
Chile
Chilean
China
Chinese
Chita
Collm
Colombia
Colombian
Colorado
Columbia
Connecticut
Cristobal
Cyprus
Dakota
Darwin
Davis
Deleware
Delware
Denmark
Denver
Diego
Djakarta
Egypt
Eilat
England
English
Europe
European
Florida
France
French
Galapagos
Georgia
German
Germany
Gran
Greenland
Hamburg
Hampshire
Harvard
Hawaii
Honolulu
Huntsville
Iceland
Icelandic
Illinois
India
Indian
Indiana
Indonesia
Indonesian
Iowa
Iran
Ireland
Irvine
Israel
Japan
Japanese
Jersey
Juliusruh
Kamchatskiy
Kamchatsky
Kansas
Keflavik
Kent
Kentucky
Kiel
Kiruna
Kobe
Korea
Korean
Kustanay
Kuwait
Kuwaiti
Labrador
London
Los
Louisiana
Madagascar
Maine
Malaysia
Malaysian
Maryland
Massachusetts
Mediterranean
Mexico
Mezaira
Miami
Michigan
Midwest
Minnesota
Mississippi
Missouri
Mongolia
Mongolian
Montana
Monterey
Nantucket
Nebraska
Nevada
Nicosia
Norway
Norwegian
Ohio
Oklahoma
Olyonok
Omsk
Oregon
Pacific
Panama
Panamanian
Pasadena
Pennsylvania
Petersburg
Petropavlosk
Petropavlovsk-Kamchatskiy
Pittsburgh
Poland
Puerto
Queensland
Rhode
Rico
Riverside
Rochester
Russia
Russian
Sacramento
Sahara
Saharan
San
Santiago
Saudi
Scandinavia
Singapore
Somalia
Somalian
Southampton
St.
Stanford
Sub-Saharan
Suriname
Tennessee
Texas
Thai
Thailand
Thule
Tibet
Tretyakov
Tromso
Turkey
U.K.
Urbana
U.S.
Utah
Vermont
Virginia
Washington
Wisconsin
Wuxi
Wyoming
York
Yukon
Zealand
