Abolafia-Rozenzweig
AirNow
Alan
Ali
Alicia
Alken
Amos
Anderson
Andrew
Ångström
Annie
Anselman
Anthony
Appleton
Aquarius
Arakawa
Arco
Arellano
Argonne
Argos
Arkin
Bacmeister
Baker
Batelle
Baublitz
Bauer
Beale
Behrangi
Benjamin
Berkovsky
Bertoni
Bessel
Bluefire
Bob
Bodo
Bonner
Booth
Bourassa
Bourke
Bowman
Brady
Brakebill
Bram
Brian
Briggs
Brohan
Bruyere
Bryan
Bukovsky
Bunker
Burrows
Byron
Caltech
Campbell
Candice
Carl
Carnegie
Cartopy
Castruccio
Celsius
Chakraborty
Chang
Charlie
Chen
Cheng
Cherian
Cheyenne
Chi-Fan
Chris
Chu
Clark
Clifton
Cline
CloudSat
Cogley
Cohen
Comeaux
Compo
Copernicus
Cort
Cox
Coyle
Cram
Cray
Cressman
Criegee
Crounse
Crutzen
Da
Dai
Danabasoglu
Daniels
Darrow
Dattore
Dave
David
Dee
Deeter
Dennis
Derecho
Dettinger
Diaz
Dick
Dines
Dixon
Doesken
Doherty
Doug
Dougherty
Douglas
Dudhia
Duffy
Dugger
Dumont
Dunne
Duseong
DuVivier
EarthScope
Ecoshelf
Egbert
Elaine
Elizabeth
Emberson
Emmons
Esbensen
Fahrenheit
Fankhauser
Fares
Farmer
Fasullo
Fedder
Felzer
Ferraro
Fiore
Fitch
Fletcher
Fluxnet
Forbes
Fowey
Fram
Frankenberg
Frontera
Fukumori
Gabe
Gabriel
Gao
Garcia
Garrett
Gaubert
Geisler
Gelman
Gentine
Geoff
George
Gerosa
Gettelman
Giese
Gil
GitHub
Glenn
Gochis
Goddard
Gordon
Gouretski
Grabowski
Gu
Guenther
Gueymard
Gutmann
Ha'apai
Ha’apai
Haar
Hadley
Hamilton
Hanli
Hansen
Harnack
Harrison
Harrold
Hastenrath
Heelis
Hellerman
Helmig
Henderson-Sellers
Henry
Henze
Hertneky
Hildebrand
Hildebrandt
Himawari
Hirahara
Holmes
Horowitz
Hough
Hua
Huang
Hudson
Huffman
Hui
Hunga
Hunke
Ikeda
Imbrie
Intel
Irma
Ishii
Jahn
James
Janet
Jason
Jaye
Jensen
Ji
Jiang
Jimenez
Jiménez
Jing
Jo
Joe
Joey
John
Jon
Jones
Joseph
Josey
Joule
Julius
Kahl
Kalb
Kalman
Kameyama
Karin
Karspeck
Kay
Kelly
Kenji
Kennedy
Kevin
Keyser
Kim
Kistler
Kleist
Knievel
Kreitzberg
Krishnamurti
Krumhardt
Kummerow
Kuroshio
Kurosu
Kushnir
La
Labitzke
Lacey
Lamont
Lamont-Doherty
Landcare
Lau
Lawrence
Le
Leach
Lebedeff
Lee
Legates
Leroy
Lesmes
Levitus
Li
Lin
Linda
Lindsay
Linux
Lipscomb
Lisan
Liu
Livneh
Liying
Loa
Lombardozzi
Louanchi
Louisa
Lucas
Luis
Lybarger
Lynch
Madden
Manaaki
Manley
Manross
Marais
Marandino
Markov
Marsico
Massman
Masutani
Matplotlib
Matsuura
Matthew
Matthews
Maud
Mauna
Maury
Maute
McColl
McFarlane
McGill
McInerney
McKee
McKinnon
Mearns
Melissa
Mellon
MeteoFrance
Michael
Michiko
Microsoft
Miguez-Macho
Mills
Millstone
Mobil
Moffat
Molinelli
Monaghan
Monteith
Morrison
Munger
Najjar
Nakamura
Neale
Newell
Newman
Ng
Ngar-Cheung
Nguyen
Nicholson
Nina
Nippon
Nizkorodov
Nolan
Núñez
Ocasio
O'Loughlin
Olson
O’Neill
Ooyama
Otto-Bliesner
Palmer
Pandey
Patton
Paulot
Pazan
Pedersen
Penman
Peter
Phil
Pinatubo
Pinto
Pompano
Poulsen
Prein
Pusede
Pythia
Qian
Qingdao
Quadra
Radionov
Rand
Randel
Rasmussen
Rebecca
Reed
Reid
Reynolds
Richter
Risien
Robert
Robinson
Rolando
Rosenzweig
Ross
Rowe
Ruiz
Rutherford
Sadler
Saguache
Samuels
Sara
Schimel
Schmidt
Schneider
Schubert
Schuster
Schutz
Schwantes
Schwede
Scripps
Seinfeld
Sengupta
Sharon
Shaw
Shea
Shepson
Shih
Silva
Simmons
Simon
Simpson
Skalak
Slivinski
Sloss
Smith
Smithsonian
Solomon
Sommers
Spencer
Stan
Staub
Stavrakou
Steiner
Stepaniak
Stephen
Steve
Steven
Stevens
Stieglitz
Stokes
Strickland
Sunway
Surratt
Sverdrup
Tahnk
Tai
TaihuLight
Taylor
Tessendorf
Thomas
Thompson
Tilmes
Tom
Tonga
Tran
Trenberth
Uccellini
Unidata
Vecchia
Viger
Vladimir
Vonder
Voronoi
Vorosmarty
Waliser
Walker
Wallbrink
Wang
Warren
Weare
WeatherStem
Weihan
Weihua
Weimer
Weiss
Whenua
Willmott
Wilson
Wishman
Wolbach
Woodruff
Woollen
Worden
Worley
Wu
Xu
Xue
Yang
Yeager
Yellowstone
Yi
Yongxin
Yonsei
Yu
Zaihua
Zaitseva
Zhang
Zhong
Zhou
Ziemann
Zobler
